0 0.000000e+00 1.000000e-09 0 single_file little rho vx1 vx2 vx3 prs
1 1.593742e-08 2.593742e-09 10 single_file little rho vx1 vx2 vx3 prs
2 5.727500e-08 6.727500e-09 20 single_file little rho vx1 vx2 vx3 prs
3 1.644940e-07 1.744940e-08 30 single_file little rho vx1 vx2 vx3 prs
4 4.425926e-07 4.525926e-08 40 single_file little rho vx1 vx2 vx3 prs
5 1.163909e-06 1.173909e-07 50 single_file little rho vx1 vx2 vx3 prs
6 3.034816e-06 3.044816e-07 60 single_file little rho vx1 vx2 vx3 prs
7 7.887470e-06 7.897470e-07 70 single_file little rho vx1 vx2 vx3 prs
8 2.047400e-05 2.048400e-06 80 single_file little rho vx1 vx2 vx3 prs
9 5.312023e-05 5.313023e-06 90 single_file little rho vx1 vx2 vx3 prs
10 1.377961e-04 1.378061e-05 100 single_file little rho vx1 vx2 vx3 prs
11 3.574236e-04 3.574336e-05 110 single_file little rho vx1 vx2 vx3 prs
12 9.270807e-04 9.270907e-05 120 single_file little rho vx1 vx2 vx3 prs
13 2.404624e-03 2.404634e-04 130 single_file little rho vx1 vx2 vx3 prs
14 5.425338e-03 3.307197e-04 140 single_file little rho vx1 vx2 vx3 prs
15 8.996664e-03 3.960518e-04 150 single_file little rho vx1 vx2 vx3 prs
16 1.329813e-02 4.617753e-04 160 single_file little rho vx1 vx2 vx3 prs
17 1.806432e-02 4.754014e-04 170 single_file little rho vx1 vx2 vx3 prs
